============================= test session starts =============================
platform win32 -- Python 3.11.4, pytest-9.0.2, pluggy-1.6.0 -- C:\Users\lenovo\Desktop\autism screening system\Autism-video-analysis-\backend\venv\Scripts\python.exe
cachedir: .pytest_cache
rootdir: C:\Users\lenovo\Desktop\autism screening system\Autism-video-analysis-\backend
plugins: anyio-4.13.0, asyncio-1.3.0
asyncio: mode=Mode.STRICT, debug=False, asyncio_default_fixture_loop_scope=None, asyncio_default_test_loop_scope=function
collecting ... collected 5 items

tests/test_health.py::test_health_returns_200 ERROR                      [ 20%]
tests/test_health.py::test_ping_returns_pong ERROR                       [ 40%]
tests/test_health.py::test_security_headers_present ERROR                [ 60%]
tests/test_health.py::test_server_header_removed ERROR                   [ 80%]
tests/test_health.py::test_nonexistent_route_returns_404 ERROR           [100%]

=================================== ERRORS ====================================
__________________ ERROR at setup of test_health_returns_200 __________________

self = <Coroutine test_health_returns_200>

    def setup(self) -> None:
        runner_fixture_id = f"_{self._loop_scope}_scoped_runner"
        if runner_fixture_id not in self.fixturenames:
            self.fixturenames.append(runner_fixture_id)
>       return super().setup()
               ^^^^^^^^^^^^^^^

venv\Lib\site-packages\pytest_asyncio\plugin.py:458: 
_ _ _ _ _ _ _ _ _ _ _ _ _ _ _ _ _ _ _ _ _ _ _ _ _ _ _ _ _ _ _ _ _ _ _ _ _ _ _ _

fixturedef = <FixtureDef argname='test_app' scope='function' baseid='tests'>
request = <SubRequest 'test_app' for <Coroutine test_health_returns_200>>

    @pytest.hookimpl(wrapper=True)
    def pytest_fixture_setup(fixturedef: FixtureDef, request) -> object | None:
        asyncio_mode = _get_asyncio_mode(request.config)
        if not _is_asyncio_fixture_function(fixturedef.func):
            if asyncio_mode == Mode.STRICT:
                # Ignore async fixtures without explicit asyncio mark in strict mode
                # This applies to pytest_trio fixtures, for example
>               return (yield)
                        ^^^^^
E               pytest.PytestRemovedIn9Warning: 'test_health_returns_200' requested an async fixture 'test_app', with no plugin or hook that handled it. This is usually an error, as pytest does not natively support it. This will turn into an error in pytest 9.
E               See: https://docs.pytest.org/en/stable/deprecations.html#sync-test-depending-on-async-fixture

venv\Lib\site-packages\pytest_asyncio\plugin.py:728: PytestRemovedIn9Warning
__________________ ERROR at setup of test_ping_returns_pong ___________________

self = <Coroutine test_ping_returns_pong>

    def setup(self) -> None:
        runner_fixture_id = f"_{self._loop_scope}_scoped_runner"
        if runner_fixture_id not in self.fixturenames:
            self.fixturenames.append(runner_fixture_id)
>       return super().setup()
               ^^^^^^^^^^^^^^^

venv\Lib\site-packages\pytest_asyncio\plugin.py:458: 
_ _ _ _ _ _ _ _ _ _ _ _ _ _ _ _ _ _ _ _ _ _ _ _ _ _ _ _ _ _ _ _ _ _ _ _ _ _ _ _

fixturedef = <FixtureDef argname='test_app' scope='function' baseid='tests'>
request = <SubRequest 'test_app' for <Coroutine test_ping_returns_pong>>

    @pytest.hookimpl(wrapper=True)
    def pytest_fixture_setup(fixturedef: FixtureDef, request) -> object | None:
        asyncio_mode = _get_asyncio_mode(request.config)
        if not _is_asyncio_fixture_function(fixturedef.func):
            if asyncio_mode == Mode.STRICT:
                # Ignore async fixtures without explicit asyncio mark in strict mode
                # This applies to pytest_trio fixtures, for example
>               return (yield)
                        ^^^^^
E               pytest.PytestRemovedIn9Warning: 'test_ping_returns_pong' requested an async fixture 'test_app', with no plugin or hook that handled it. This is usually an error, as pytest does not natively support it. This will turn into an error in pytest 9.
E               See: https://docs.pytest.org/en/stable/deprecations.html#sync-test-depending-on-async-fixture

venv\Lib\site-packages\pytest_asyncio\plugin.py:728: PytestRemovedIn9Warning
_______________ ERROR at setup of test_security_headers_present _______________

self = <Coroutine test_security_headers_present>

    def setup(self) -> None:
        runner_fixture_id = f"_{self._loop_scope}_scoped_runner"
        if runner_fixture_id not in self.fixturenames:
            self.fixturenames.append(runner_fixture_id)
>       return super().setup()
               ^^^^^^^^^^^^^^^

venv\Lib\site-packages\pytest_asyncio\plugin.py:458: 
_ _ _ _ _ _ _ _ _ _ _ _ _ _ _ _ _ _ _ _ _ _ _ _ _ _ _ _ _ _ _ _ _ _ _ _ _ _ _ _

fixturedef = <FixtureDef argname='test_app' scope='function' baseid='tests'>
request = <SubRequest 'test_app' for <Coroutine test_security_headers_present>>

    @pytest.hookimpl(wrapper=True)
    def pytest_fixture_setup(fixturedef: FixtureDef, request) -> object | None:
        asyncio_mode = _get_asyncio_mode(request.config)
        if not _is_asyncio_fixture_function(fixturedef.func):
            if asyncio_mode == Mode.STRICT:
                # Ignore async fixtures without explicit asyncio mark in strict mode
                # This applies to pytest_trio fixtures, for example
>               return (yield)
                        ^^^^^
E               pytest.PytestRemovedIn9Warning: 'test_security_headers_present' requested an async fixture 'test_app', with no plugin or hook that handled it. This is usually an error, as pytest does not natively support it. This will turn into an error in pytest 9.
E               See: https://docs.pytest.org/en/stable/deprecations.html#sync-test-depending-on-async-fixture

venv\Lib\site-packages\pytest_asyncio\plugin.py:728: PytestRemovedIn9Warning
________________ ERROR at setup of test_server_header_removed _________________

self = <Coroutine test_server_header_removed>

    def setup(self) -> None:
        runner_fixture_id = f"_{self._loop_scope}_scoped_runner"
        if runner_fixture_id not in self.fixturenames:
            self.fixturenames.append(runner_fixture_id)
>       return super().setup()
               ^^^^^^^^^^^^^^^

venv\Lib\site-packages\pytest_asyncio\plugin.py:458: 
_ _ _ _ _ _ _ _ _ _ _ _ _ _ _ _ _ _ _ _ _ _ _ _ _ _ _ _ _ _ _ _ _ _ _ _ _ _ _ _

fixturedef = <FixtureDef argname='test_app' scope='function' baseid='tests'>
request = <SubRequest 'test_app' for <Coroutine test_server_header_removed>>

    @pytest.hookimpl(wrapper=True)
    def pytest_fixture_setup(fixturedef: FixtureDef, request) -> object | None:
        asyncio_mode = _get_asyncio_mode(request.config)
        if not _is_asyncio_fixture_function(fixturedef.func):
            if asyncio_mode == Mode.STRICT:
                # Ignore async fixtures without explicit asyncio mark in strict mode
                # This applies to pytest_trio fixtures, for example
>               return (yield)
                        ^^^^^
E               pytest.PytestRemovedIn9Warning: 'test_server_header_removed' requested an async fixture 'test_app', with no plugin or hook that handled it. This is usually an error, as pytest does not natively support it. This will turn into an error in pytest 9.
E               See: https://docs.pytest.org/en/stable/deprecations.html#sync-test-depending-on-async-fixture

venv\Lib\site-packages\pytest_asyncio\plugin.py:728: PytestRemovedIn9Warning
____________ ERROR at setup of test_nonexistent_route_returns_404 _____________

self = <Coroutine test_nonexistent_route_returns_404>

    def setup(self) -> None:
        runner_fixture_id = f"_{self._loop_scope}_scoped_runner"
        if runner_fixture_id not in self.fixturenames:
            self.fixturenames.append(runner_fixture_id)
>       return super().setup()
               ^^^^^^^^^^^^^^^

venv\Lib\site-packages\pytest_asyncio\plugin.py:458: 
_ _ _ _ _ _ _ _ _ _ _ _ _ _ _ _ _ _ _ _ _ _ _ _ _ _ _ _ _ _ _ _ _ _ _ _ _ _ _ _

fixturedef = <FixtureDef argname='test_app' scope='function' baseid='tests'>
request = <SubRequest 'test_app' for <Coroutine test_nonexistent_route_returns_404>>

    @pytest.hookimpl(wrapper=True)
    def pytest_fixture_setup(fixturedef: FixtureDef, request) -> object | None:
        asyncio_mode = _get_asyncio_mode(request.config)
        if not _is_asyncio_fixture_function(fixturedef.func):
            if asyncio_mode == Mode.STRICT:
                # Ignore async fixtures without explicit asyncio mark in strict mode
                # This applies to pytest_trio fixtures, for example
>               return (yield)
                        ^^^^^
E               pytest.PytestRemovedIn9Warning: 'test_nonexistent_route_returns_404' requested an async fixture 'test_app', with no plugin or hook that handled it. This is usually an error, as pytest does not natively support it. This will turn into an error in pytest 9.
E               See: https://docs.pytest.org/en/stable/deprecations.html#sync-test-depending-on-async-fixture

venv\Lib\site-packages\pytest_asyncio\plugin.py:728: PytestRemovedIn9Warning
=========================== short test summary info ===========================
ERROR tests/test_health.py::test_health_returns_200 - pytest.PytestRemovedIn9...
ERROR tests/test_health.py::test_ping_returns_pong - pytest.PytestRemovedIn9W...
ERROR tests/test_health.py::test_security_headers_present - pytest.PytestRemo...
ERROR tests/test_health.py::test_server_header_removed - pytest.PytestRemoved...
ERROR tests/test_health.py::test_nonexistent_route_returns_404 - pytest.Pytes...
============================== 5 errors in 0.13s ==============================
